[html.ditsolution.net/echofy/index.html]
[backblue.gif]
[fade.gif]
[index.html]
[html.ditsolution.net/echofy/assets/images/fav-icon/icon.png]
[html.ditsolution.net/echofy/assets/css/bootstrap.min.css]
[html.ditsolution.net/echofy/assets/css/owl.carousel.min.css]
[html.ditsolution.net/echofy/assets/css/animate.css]
[html.ditsolution.net/echofy/assets/css/animated-text.css]
[html.ditsolution.net/echofy/assets/css/all.min.css]
[html.ditsolution.net/echofy/assets/css/flaticon.css]
[html.ditsolution.net/echofy/assets/css/theme-default.css]
[html.ditsolution.net/echofy/assets/css/meanmenu.min.css]
[html.ditsolution.net/echofy/assets/css/owl.transitions.css]
[html.ditsolution.net/echofy/venobox/venobox.css]
[html.ditsolution.net/echofy/assets/css/bootstrap-icons.css]
[html.ditsolution.net/echofy/assets/css/style.css]
[html.ditsolution.net/echofy/assets/css/responsive.css]
[html.ditsolution.net/echofy/assets/js/vendor/modernizr-3.5.0.min.js]
[html.ditsolution.net/echofy/assets/images/Acceuil1/logo.png]
[html.ditsolution.net/echofy/index-2.html]
[html.ditsolution.net/echofy/index-3.html]
[html.ditsolution.net/echofy/index-4.html]
[html.ditsolution.net/echofy/index-5.html]
[html.ditsolution.net/echofy/index-6.html]
[html.ditsolution.net/echofy/index-7.html]
[html.ditsolution.net/echofy/about.html]
[html.ditsolution.net/echofy/service.html]
[html.ditsolution.net/echofy/service-details.html]
[html.ditsolution.net/echofy/project.html]
[html.ditsolution.net/echofy/project-details.html]
[html.ditsolution.net/echofy/donation.html]
[html.ditsolution.net/echofy/donation-details.html]
[html.ditsolution.net/echofy/Equipe.html]
[html.ditsolution.net/echofy/faqs.html]
[html.ditsolution.net/echofy/testimonial.html]
[html.ditsolution.net/echofy/blog-grid.html]
[html.ditsolution.net/echofy/blog-list.html]
[html.ditsolution.net/echofy/blog-2column.html]
[html.ditsolution.net/echofy/blog-details.html]
[html.ditsolution.net/echofy/contact.html]
[html.ditsolution.net/echofy/assets/images/Acceuil1/button-shape.png]
[html.ditsolution.net/echofy/assets/images/Acceuil1/button-shape-2.png]
[html.ditsolution.net/echofy/assets/images/Acceuil1/text-shape.png]
[html.ditsolution.net/echofy/assets/images/Acceuil1/about-thumb.png]
[html.ditsolution.net/echofy/assets/images/Acceuil1/about-award.png]
[html.ditsolution.net/echofy/assets/images/Acceuil1/section-shape.png]
[html.ditsolution.net/echofy/assets/images/Acceuil1/about-icon-1.png]
[html.ditsolution.net/echofy/assets/images/Acceuil1/about-icon-2.png]
[html.ditsolution.net/echofy/assets/images/Acceuil1/about-shape-1.png]
[html.ditsolution.net/echofy/assets/images/Acceuil1/about-shape-2.png]
[html.ditsolution.net/echofy/assets/images/Acceuil1/service-icon1.png]
[html.ditsolution.net/echofy/assets/images/Acceuil1/service-1.jpg]
[html.ditsolution.net/echofy/assets/images/Acceuil1/service-box-shape.png]
[html.ditsolution.net/echofy/assets/images/Acceuil1/service-icon2.png]
[html.ditsolution.net/echofy/assets/images/Acceuil1/service-2.jpg]
[html.ditsolution.net/echofy/assets/images/Acceuil1/service-icon3.png]
[html.ditsolution.net/echofy/assets/images/Acceuil1/service-3.jpg]
[html.ditsolution.net/echofy/assets/images/Acceuil1/skill-thumb.png]
[html.ditsolution.net/echofy/assets/images/Acceuil1/skill-shape-1.png]
[html.ditsolution.net/echofy/assets/images/Acceuil1/skill-shape-2.png]
[html.ditsolution.net/echofy/assets/images/Acceuil1/counter-icon-1.png]
[html.ditsolution.net/echofy/assets/images/Acceuil1/counter-icon-2.png]
[html.ditsolution.net/echofy/assets/images/Acceuil1/counter-icon-3.png]
[html.ditsolution.net/echofy/assets/images/Acceuil1/counter-icon-4.png]
[html.ditsolution.net/echofy/assets/images/Acceuil1/process-thumb.jpg]
[html.ditsolution.net/echofy/assets/images/Acceuil1/project-1.jpg]
[html.ditsolution.net/echofy/assets/images/Acceuil1/project-shape.png]
[html.ditsolution.net/echofy/assets/images/Acceuil1/project-2.jpg]
[html.ditsolution.net/echofy/assets/images/Acceuil1/project-3.jpg]
[html.ditsolution.net/echofy/assets/images/Acceuil1/project-4.jpg]
[html.ditsolution.net/echofy/assets/images/Acceuil1/process-two-icon1.png]
[html.ditsolution.net/echofy/assets/images/Acceuil1/process-two-icon2.png]
[html.ditsolution.net/echofy/assets/images/Acceuil1/process-two-icon3.png]
[html.ditsolution.net/echofy/assets/images/Acceuil1/testi-quote.png]
[html.ditsolution.net/echofy/assets/images/Acceuil1/testi-author-1.png]
[html.ditsolution.net/echofy/assets/images/Acceuil1/testi-author-2.png]
[html.ditsolution.net/echofy/assets/images/Acceuil1/testi-shape.png]
[html.ditsolution.net/echofy/assets/images/Acceuil1/testi-shape-1.png]
[html.ditsolution.net/echofy/assets/images/Acceuil1/testi-shape-2.png]
[html.ditsolution.net/echofy/assets/images/Acceuil1/testi-shape-3.png]
[html.ditsolution.net/echofy/assets/images/Acceuil1/testi-shape-4.png]
[html.ditsolution.net/echofy/assets/images/Acceuil1/brand-1.png]
[html.ditsolution.net/echofy/assets/images/Acceuil1/brand-2.png]
[html.ditsolution.net/echofy/assets/images/Acceuil1/brand-4.png]
[html.ditsolution.net/echofy/assets/images/Acceuil1/brand-5.png]
[html.ditsolution.net/echofy/assets/images/Acceuil1/brand-shape.png]
[html.ditsolution.net/echofy/assets/images/Acceuil1/Equipe-1.png]
[html.ditsolution.net/echofy/assets/images/Acceuil1/Equipe-2.png]
[html.ditsolution.net/echofy/assets/images/Acceuil1/Equipe-3.png]
[html.ditsolution.net/echofy/assets/images/Acceuil1/blog-1.jpg]
[html.ditsolution.net/echofy/blog-grid]
[html.ditsolution.net/echofy/assets/images/Acceuil1/blog-2.jpg]
[html.ditsolution.net/echofy/assets/images/Acceuil1/blog-3.jpg]
[html.ditsolution.net/echofy/assets/js/vendor/jquery-3.6.2.min.js]
[html.ditsolution.net/echofy/assets/js/popper.min.js]
[html.ditsolution.net/echofy/assets/js/bootstrap.min.js]
[html.ditsolution.net/echofy/assets/js/owl.carousel.min.js]
[html.ditsolution.net/echofy/assets/js/jquery.counterup.min.js]
[html.ditsolution.net/echofy/assets/js/waypoints.min.js]
[html.ditsolution.net/echofy/assets/js/wow.js]
[html.ditsolution.net/echofy/assets/js/imagesloaded.pkgd.min.js]
[html.ditsolution.net/echofy/venobox/venobox.js]
[html.ditsolution.net/echofy/assets/js/animated-text.js]
[html.ditsolution.net/echofy/venobox/venobox.min.js]
[html.ditsolution.net/echofy/assets/js/isotope.pkgd.min.js]
[html.ditsolution.net/echofy/assets/js/jquery.meanmenu.js]
[html.ditsolution.net/echofy/assets/js/jquery.scrollUp.js]
[html.ditsolution.net/echofy/assets/js/theme.js]
[html.ditsolution.net/echofy/assets/js/coustom.js]
[html.ditsolution.net/echofy/assets/js/jquery.barfiller.js]
[html.ditsolution.net/echofy/assets/js/vanilla-tilt.min.js]
[html.ditsolution.net/echofy/assets/js/silik-slider.js]
[html.ditsolution.net/echofy/index.html]
[html.ditsolution.net/echofy/assets/css/bootstrap.min.css]
[html.ditsolution.net/echofy/assets/css/owl.video.play.png]
[html.ditsolution.net/echofy/assets/css/owl.carousel.min.css]
[html.ditsolution.net/echofy/assets/css/animate.css]
[html.ditsolution.net/echofy/assets/css/animated-text.css]
[html.ditsolution.net/echofy/assets/webfonts/fa-brands-400.eot]
[html.ditsolution.net/echofy/assets/webfonts/fa-brands-400d41d.eot]
[html.ditsolution.net/echofy/assets/webfonts/fa-brands-400.woff2]
[html.ditsolution.net/echofy/assets/webfonts/fa-brands-400.woff]
[html.ditsolution.net/echofy/assets/webfonts/fa-brands-400.ttf]
[html.ditsolution.net/echofy/assets/webfonts/fa-brands-400.svg]
[html.ditsolution.net/echofy/assets/webfonts/fa-regular-400.eot]
[html.ditsolution.net/echofy/assets/webfonts/fa-regular-400d41d.eot]
[html.ditsolution.net/echofy/assets/webfonts/fa-regular-400.woff2]
[html.ditsolution.net/echofy/assets/webfonts/fa-regular-400.woff]
[html.ditsolution.net/echofy/assets/webfonts/fa-regular-400.ttf]
[html.ditsolution.net/echofy/assets/webfonts/fa-regular-400.svg]
[html.ditsolution.net/echofy/assets/webfonts/fa-solid-900.eot]
[html.ditsolution.net/echofy/assets/webfonts/fa-solid-900d41d.eot]
[html.ditsolution.net/echofy/assets/webfonts/fa-solid-900.woff2]
[html.ditsolution.net/echofy/assets/webfonts/fa-solid-900.woff]
[html.ditsolution.net/echofy/assets/webfonts/fa-solid-900.ttf]
[html.ditsolution.net/echofy/assets/css/all.min.css]
[html.ditsolution.net/echofy/assets/webfonts/fa-solid-900.svg]
[html.ditsolution.net/echofy/assets/fonts/Flaticon.eot]
[html.ditsolution.net/echofy/assets/fonts/Flaticond41dd41d.eot]
[html.ditsolution.net/echofy/assets/fonts/Flaticon.woff2]
[html.ditsolution.net/echofy/assets/fonts/Flaticon.woff]
[html.ditsolution.net/echofy/assets/fonts/Flaticon.ttf]
[html.ditsolution.net/echofy/assets/css/flaticon.css]
[html.ditsolution.net/echofy/assets/css/theme-default.css]
[html.ditsolution.net/echofy/assets/css/meanmenu.min.css]
[html.ditsolution.net/echofy/assets/css/owl.transitions.css]
[html.ditsolution.net/echofy/assets/fonts/Flaticon.svg]
[html.ditsolution.net/echofy/venobox/preload-circle.png]
[html.ditsolution.net/echofy/venobox/close.gif]
[html.ditsolution.net/echofy/venobox/prev.gif]
[html.ditsolution.net/echofy/venobox/next.gif]
[html.ditsolution.net/echofy/venobox/venobox.css]
[html.ditsolution.net/echofy/assets/css/fonts/bootstrap-iconsd862.woff2]
[html.ditsolution.net/echofy/assets/css/fonts/bootstrap-iconsd862.woff]
[html.ditsolution.net/echofy/assets/css/bootstrap-icons.css]
[html.ditsolution.net/echofy/assets/images/Acceuil1/hero-bg-1.jpg]
[html.ditsolution.net/echofy/assets/images/Acceuil1/hero-bg2.jpg]
[html.ditsolution.net/echofy/assets/images/Acceuil1/about-bg.jpg]
[html.ditsolution.net/echofy/assets/images/Acceuil1/service-bg.jpg]
[html.ditsolution.net/echofy/assets/images/Acceuil1/counter-bg.jpg]
[html.ditsolution.net/echofy/assets/images/Acceuil1/project-bg.jpg]
[html.ditsolution.net/echofy/assets/images/Acceuil1/process-two-shape-1.png]
[html.ditsolution.net/echofy/assets/images/Acceuil1/process-two-shape-2.png]
[html.ditsolution.net/echofy/assets/images/Acceuil1/brand-bg.png]
[html.ditsolution.net/echofy/assets/images/Acceuil1/Equipe-bg.jpg]
[html.ditsolution.net/echofy/assets/images/Acceuil1/footer-bg.jpg]
[html.ditsolution.net/echofy/assets/images/Acceuil1/footer-social-bg.jpg]
[html.ditsolution.net/echofy/assets/images/Acceuil2/hero-bg.jpg]
[html.ditsolution.net/echofy/assets/images/Acceuil2/services-title-bg.jpg]
[html.ditsolution.net/echofy/assets/images/Acceuil2/counter-bg.jpg]
[html.ditsolution.net/echofy/assets/images/Acceuil2/faqs-bg.jpg]
[html.ditsolution.net/echofy/assets/images/Acceuil2/testi-bg.jpg]
[html.ditsolution.net/echofy/assets/images/Acceuil3/text-bg.jpg]
[html.ditsolution.net/echofy/assets/images/Acceuil3/hero-bg.jpg]
[html.ditsolution.net/echofy/assets/images/Acceuil3/counter-bg.jpg]
[html.ditsolution.net/echofy/assets/images/Acceuil3/project-content-bg.png]
[html.ditsolution.net/echofy/assets/images/Acceuil3/skills-bg.jpg]
[html.ditsolution.net/echofy/assets/images/Acceuil3/testi-bg.jpg]
[html.ditsolution.net/echofy/assets/images/Acceuil3/footer-bg.jpg]
[html.ditsolution.net/echofy/assets/images/Acceuil4/hero-bg.jpg]
[html.ditsolution.net/echofy/assets/images/Acceuil4/counter-bg.jpg]
[html.ditsolution.net/echofy/assets/images/Acceuil4/about-bg.jpg]
[html.ditsolution.net/echofy/assets/images/Acceuil4/solar-text-bg.jpg]
[html.ditsolution.net/echofy/assets/images/Acceuil4/skill-bg.jpg]
[html.ditsolution.net/echofy/assets/images/Acceuil4/testi-bg.jpg]
[html.ditsolution.net/echofy/assets/images/Acceuil4/call-do-action-bg.jpg]
[html.ditsolution.net/echofy/assets/images/Acceuil4/footer-bg.jpg]
[html.ditsolution.net/echofy/assets/images/Acceuil5/hero-bg.jpg]
[html.ditsolution.net/echofy/assets/images/Acceuil5/hero-bg-2.jpg]
[html.ditsolution.net/echofy/assets/images/Acceuil5/video-bg.png]
[html.ditsolution.net/echofy/assets/images/Acceuil5/animal-1.png]
[html.ditsolution.net/echofy/assets/images/Acceuil5/donate-thumb-1.png]
[html.ditsolution.net/echofy/assets/images/Acceuil5/donate-thumb-2.png]
[html.ditsolution.net/echofy/assets/images/Acceuil5/testi-desc-shape.png]
[html.ditsolution.net/echofy/assets/images/Acceuil5/animal-video-bg.jpg]
[html.ditsolution.net/echofy/assets/images/inner-images/breadcumb-bg.jpg]
[html.ditsolution.net/echofy/assets/images/inner-images/sidber-contact.png]
[html.ditsolution.net/echofy/assets/images/inner-images/contact-info-bg.jpg]
[html.ditsolution.net/echofy/assets/images/Acceuil6/hero-bg.png]
[html.ditsolution.net/echofy/assets/images/Acceuil6/why-choose-us-bg.jpg]
[html.ditsolution.net/echofy/assets/images/Acceuil6/bg.png]
[html.ditsolution.net/echofy/assets/images/Acceuil6/footer-bg.jpg]
[html.ditsolution.net/echofy/assets/images/Acceuil7/hero-bg.jpg]
[html.ditsolution.net/echofy/assets/images/Acceuil7/why-choose-bg.png]
[html.ditsolution.net/echofy/assets/images/Acceuil7/faqs-bg.jpg]
[html.ditsolution.net/echofy/assets/images/Acceuil7/marque-bg.png]
[html.ditsolution.net/echofy/assets/css/style.css]
[html.ditsolution.net/echofy/assets/css/responsive.css]
[html.ditsolution.net/echofy/assets/js/vendor/modernizr-3.5.0.min.js]
[html.ditsolution.net/echofy/assets/images/Acceuil2/logo.png]
[html.ditsolution.net/echofy/index]
[html.ditsolution.net/echofy/assets/images/Acceuil2/section-shape.png]
[html.ditsolution.net/echofy/assets/images/Acceuil2/hero-thumb.png]
[html.ditsolution.net/echofy/assets/images/Acceuil2/hero-shape.png]
[html.ditsolution.net/echofy/assets/images/Acceuil2/about-thumb.png]
[html.ditsolution.net/echofy/assets/images/Acceuil2/shape.png]
[html.ditsolution.net/echofy/assets/images/Acceuil2/about-author.png]
[html.ditsolution.net/echofy/assets/images/Acceuil2/services-shape-1.png]
[html.ditsolution.net/echofy/assets/images/Acceuil2/services-shape-2.png]
[html.ditsolution.net/echofy/assets/images/Acceuil2/services-1.png]
[html.ditsolution.net/echofy/assets/images/Acceuil2/service-icon-1.png]
[html.ditsolution.net/echofy/assets/images/Acceuil2/services-2.png]
[html.ditsolution.net/echofy/assets/images/Acceuil2/service-icon-2.png]
[html.ditsolution.net/echofy/service-details]
[html.ditsolution.net/echofy/assets/images/Acceuil2/services-3.png]
[html.ditsolution.net/echofy/assets/images/Acceuil2/service-icon-3.png]
[html.ditsolution.net/echofy/assets/images/Acceuil2/counter-icon-1.png]
[html.ditsolution.net/echofy/assets/images/Acceuil2/counter-icon-2.png]
[html.ditsolution.net/echofy/assets/images/Acceuil2/project-1.png]
[html.ditsolution.net/echofy/assets/images/Acceuil2/project-2.png]
[html.ditsolution.net/echofy/assets/images/Acceuil2/project-3.png]
[html.ditsolution.net/echofy/assets/images/Acceuil2/project-4.png]
[html.ditsolution.net/echofy/assets/images/Acceuil2/faqs-shape.png]
[html.ditsolution.net/echofy/assets/images/Acceuil2/faqs-shape2.png]
[html.ditsolution.net/echofy/assets/images/Acceuil2/brand-1.png]
[html.ditsolution.net/echofy/assets/images/Acceuil2/brand-2.png]
[html.ditsolution.net/echofy/assets/images/Acceuil2/brand-3.png]
[html.ditsolution.net/echofy/assets/images/Acceuil2/brand-4.png]
[html.ditsolution.net/echofy/assets/images/Acceuil2/donation-1.png]
[html.ditsolution.net/echofy/assets/images/Acceuil2/donation-2.png]
[html.ditsolution.net/echofy/assets/images/Acceuil2/donation-3.png]
[html.ditsolution.net/echofy/assets/images/Acceuil2/testi-shape.png]
[html.ditsolution.net/echofy/assets/images/Acceuil2/footer-widget-1.png]
[html.ditsolution.net/echofy/assets/images/Acceuil2/footer-widget-2.png]
[html.ditsolution.net/echofy/index-2.html]
[unpkg.com/splitting@1.1.0/dist/splitting.css]
[unpkg.com/splitting@1.1.0/dist/splitting-cells.css]
[html.ditsolution.net/echofy/assets/images/Acceuil6/logo.png]
[html.ditsolution.net/echofy/assets/images/Acceuil6/feature-icon-1.png]
[html.ditsolution.net/echofy/assets/images/Acceuil6/feature-shape.png]
[html.ditsolution.net/echofy/assets/images/Acceuil6/feature-icon-2.png]
[html.ditsolution.net/echofy/assets/images/Acceuil6/feature-icon-3.png]
[html.ditsolution.net/echofy/assets/images/Acceuil6/about-thumb.png]
[html.ditsolution.net/echofy/assets/images/Acceuil6/section-title-shape.png]
[html.ditsolution.net/echofy/assets/images/Acceuil6/about-item.png]
[html.ditsolution.net/echofy/assets/images/Acceuil6/services-1.jpg]
[html.ditsolution.net/echofy/assets/images/Acceuil6/services-icon-1.jpg]
[html.ditsolution.net/echofy/assets/images/Acceuil6/services-2.jpg]
[html.ditsolution.net/echofy/assets/images/Acceuil6/services-icon-2.jpg]
[html.ditsolution.net/echofy/assets/images/Acceuil6/services-3.jpg]
[html.ditsolution.net/echofy/assets/images/Acceuil6/services-icon-3.jpg]
[html.ditsolution.net/echofy/assets/images/Acceuil6/services-4.jpg]
[html.ditsolution.net/echofy/assets/images/Acceuil6/services-icon-4.jpg]
[html.ditsolution.net/echofy/assets/images/Acceuil6/why-choose-thumb.jpg]
[html.ditsolution.net/echofy/assets/images/Acceuil6/choose-us-icon-1.png]
[html.ditsolution.net/echofy/assets/images/Acceuil6/pricing-shape-1.png]
[html.ditsolution.net/echofy/assets/images/Acceuil6/pricing-shape-2.png]
[html.ditsolution.net/echofy/assets/images/Acceuil6/Equipe-1.png]
[html.ditsolution.net/echofy/assets/images/Acceuil6/Equipe-2.png]
[html.ditsolution.net/echofy/assets/images/Acceuil6/Equipe-3.png]
[html.ditsolution.net/echofy/assets/images/Acceuil6/Equipe-4.png]
[html.ditsolution.net/echofy/assets/images/Acceuil6/testi-author-1.png]
[html.ditsolution.net/echofy/assets/images/Acceuil6/testi-quote.png]
[html.ditsolution.net/echofy/assets/images/Acceuil6/testi-author-2.png]
[html.ditsolution.net/echofy/assets/images/Acceuil6/testi-author-3.png]
[html.ditsolution.net/echofy/assets/images/Acceuil6/blog-1.png]
[html.ditsolution.net/echofy/assets/images/Acceuil6/blog-2.png]
[html.ditsolution.net/echofy/assets/images/Acceuil6/blog-3.png]
[html.ditsolution.net/echofy/assets/images/Acceuil6/contact-icon.png]
[html.ditsolution.net/echofy/assets/images/Acceuil6/logo-2.png]
[html.ditsolution.net/echofy/assets/images/Acceuil6/footer-widget-1.png]
[html.ditsolution.net/echofy/assets/images/Acceuil6/footer-shape.png]
[html.ditsolution.net/echofy/index-3.html]
[unpkg.com/splitting@1.1.0/dist/splitting.min.js]
[html.ditsolution.net/echofy/assets/images/Acceuil7/section-title-shape.png]
[html.ditsolution.net/echofy/assets/images/Acceuil7/hero-image-2.png]
[html.ditsolution.net/echofy/assets/images/Acceuil7/hero-shape.png]
[html.ditsolution.net/echofy/assets/images/Acceuil7/about-thumb.png]
[html.ditsolution.net/echofy/assets/images/Acceuil7/project-1.png]
[html.ditsolution.net/echofy/assets/images/Acceuil7/project-content-shape.png]
[html.ditsolution.net/echofy/assets/images/Acceuil7/project-2.png]
[html.ditsolution.net/echofy/assets/images/Acceuil7/project-3.png]
[html.ditsolution.net/echofy/assets/images/Acceuil7/choose-us-icon.png]
[html.ditsolution.net/echofy/assets/images/Acceuil7/testi-author-1.png]
[html.ditsolution.net/echofy/assets/images/Acceuil7/testi-shape.png]
[html.ditsolution.net/echofy/assets/images/Acceuil7/testi-shape-1.png]
[html.ditsolution.net/echofy/index-4.html]
[html.ditsolution.net/echofy/assets/images/Acceuil5/logo.png]
[html.ditsolution.net/echofy/assets/images/Acceuil5/animal-icon1.png]
[html.ditsolution.net/echofy/assets/images/Acceuil5/animal-icon2.png]
[html.ditsolution.net/echofy/assets/images/Acceuil5/animal-icon3.png]
[html.ditsolution.net/echofy/assets/images/Acceuil5/animal-icon4.png]
[html.ditsolution.net/echofy/assets/images/Acceuil5/animal-icon5.png]
[html.ditsolution.net/echofy/assets/images/Acceuil5/about.png]
[html.ditsolution.net/echofy/assets/images/Acceuil5/about-icon.png]
[html.ditsolution.net/echofy/assets/images/Acceuil5/title-shape.png]
[html.ditsolution.net/echofy/assets/images/Acceuil5/about-list-shape.png]
[html.ditsolution.net/echofy/assets/images/Acceuil5/about-shape.png]
[html.ditsolution.net/echofy/assets/images/Acceuil5/gallery-1.jpg]
[html.ditsolution.net/echofy/assets/images/Acceuil5/gallery-2.jpg]
[html.ditsolution.net/echofy/assets/images/Acceuil5/gallery-3.jpg]
[html.ditsolution.net/echofy/assets/images/Acceuil5/gallery-4.jpg]
[html.ditsolution.net/echofy/assets/images/Acceuil5/gallery-5.jpg]
[html.ditsolution.net/echofy/assets/images/Acceuil5/contact-info-shape.png]
[html.ditsolution.net/echofy/assets/images/Acceuil5/event-1.png]
[html.ditsolution.net/echofy/assets/images/Acceuil5/event-2.png]
[html.ditsolution.net/echofy/assets/images/Acceuil5/event-3.png]
[html.ditsolution.net/echofy/assets/images/Acceuil5/event-4.png]
[html.ditsolution.net/echofy/assets/images/Acceuil5/testi-quote.png]
[html.ditsolution.net/echofy/assets/images/Acceuil5/testi-author-1.png]
[html.ditsolution.net/echofy/assets/images/Acceuil5/testi-author-2.png]
[html.ditsolution.net/echofy/assets/images/Acceuil5/blog-1.png]
[html.ditsolution.net/echofy/assets/images/Acceuil5/blog-2.png]
[html.ditsolution.net/echofy/assets/images/Acceuil5/blog-3.png]
[html.ditsolution.net/echofy/assets/images/Acceuil5/footer-gallery-1.png]
[html.ditsolution.net/echofy/assets/images/Acceuil5/footer-gallery-2.png]
[html.ditsolution.net/echofy/assets/images/Acceuil5/footer-gallery-3.png]
[html.ditsolution.net/echofy/assets/images/Acceuil5/footer-gallery-4.png]
[html.ditsolution.net/echofy/assets/images/Acceuil5/footer-gallery-5.png]
[html.ditsolution.net/echofy/assets/images/Acceuil5/footer-gallery-6.png]
[html.ditsolution.net/echofy/index-5.html]
[html.ditsolution.net/echofy/assets/images/Acceuil3/logo.png]
[html.ditsolution.net/echofy/assets/images/Acceuil3/about-thumb.jpg]
[html.ditsolution.net/echofy/assets/images/Acceuil3/about-list-icon.png]
[html.ditsolution.net/echofy/assets/images/Acceuil3/about-img.png]
[html.ditsolution.net/echofy/assets/images/Acceuil3/services-icon1.png]
[html.ditsolution.net/echofy/assets/images/Acceuil3/services-icon2.png]
[html.ditsolution.net/echofy/assets/images/Acceuil3/services-icon3.png]
[html.ditsolution.net/echofy/assets/images/Acceuil3/services-icon4.png]
[html.ditsolution.net/echofy/assets/images/Acceuil3/project-1.png]
[html.ditsolution.net/echofy/assets/images/Acceuil3/project-2.png]
[html.ditsolution.net/echofy/assets/images/Acceuil3/project-3.png]
[html.ditsolution.net/echofy/assets/images/Acceuil3/testi-thumb-1.png]
[html.ditsolution.net/echofy/assets/images/Acceuil3/testi-thumb-2.png]
[html.ditsolution.net/echofy/assets/images/Acceuil3/shape.png]
[html.ditsolution.net/echofy/assets/images/Acceuil3/faqs-bg.png]
[html.ditsolution.net/echofy/assets/images/Acceuil3/blog-1.jpg]
[html.ditsolution.net/echofy/assets/images/Acceuil3/blog-2.jpg]
[html.ditsolution.net/echofy/assets/images/Acceuil3/blog-3.jpg]
[html.ditsolution.net/echofy/index-6.html]
[html.ditsolution.net/echofy/assets/images/Acceuil4/logo-1.png]
[html.ditsolution.net/echofy/assets/images/Acceuil4/title-shape.png]
[html.ditsolution.net/echofy/assets/images/Acceuil4/counter-images.png]
[html.ditsolution.net/echofy/assets/images/Acceuil4/counter-icon1.png]
[html.ditsolution.net/echofy/assets/images/Acceuil4/counter-icon2.png]
[html.ditsolution.net/echofy/assets/images/Acceuil4/counter-icon3.png]
[html.ditsolution.net/echofy/assets/images/Acceuil4/about-thumb.jpg]
[html.ditsolution.net/echofy/assets/images/Acceuil4/about-sahpe.png]
[html.ditsolution.net/echofy/assets/images/Acceuil4/about-text-icon.png]
[html.ditsolution.net/echofy/assets/images/Acceuil4/about-item-1.png]
[html.ditsolution.net/echofy/assets/images/Acceuil4/about-item-icon.png]
[html.ditsolution.net/echofy/assets/images/Acceuil4/service-icon-1.png]
[html.ditsolution.net/echofy/assets/images/Acceuil4/service-icon-2.png]
[html.ditsolution.net/echofy/assets/images/Acceuil4/service-icon-3.png]
[html.ditsolution.net/echofy/assets/images/Acceuil4/skill-thumb.png]
[html.ditsolution.net/echofy/assets/images/Acceuil4/testi-thumb.jpg]
[html.ditsolution.net/echofy/assets/images/Acceuil4/testi-icon.png]
[html.ditsolution.net/echofy/assets/images/Acceuil4/testi-author.png]
[html.ditsolution.net/echofy/assets/images/Acceuil4/info-thumb.jpg]
[html.ditsolution.net/echofy/assets/images/Acceuil4/info-shape.png]
[html.ditsolution.net/echofy/assets/images/Acceuil4/blog-1.jpg]
[html.ditsolution.net/echofy/assets/images/Acceuil4/blog-2.jpg]
[html.ditsolution.net/echofy/assets/images/Acceuil4/blog-3.jpg]
[html.ditsolution.net/echofy/assets/images/Acceuil4/logo-2.png]
[html.ditsolution.net/echofy/assets/images/Acceuil4/footer-1.png]
[html.ditsolution.net/echofy/assets/images/Acceuil4/footer-2.png]
[html.ditsolution.net/echofy/assets/images/Acceuil4/footer-3.png]
[html.ditsolution.net/echofy/assets/images/Acceuil4/footer-4.png]
[html.ditsolution.net/echofy/index-7.html]
[html.ditsolution.net/echofy/assets/images/inner-images/breadcumb-text-shape.png]
[html.ditsolution.net/echofy/about.html]
[html.ditsolution.net/echofy/assets/images/Acceuil2/services-4.png]
[html.ditsolution.net/echofy/assets/images/Acceuil2/service-icon-4.png]
[html.ditsolution.net/echofy/assets/images/Acceuil2/services-5.png]
[html.ditsolution.net/echofy/assets/images/Acceuil2/service-icon-5.png]
[html.ditsolution.net/echofy/assets/images/Acceuil2/services-6.png]
[html.ditsolution.net/echofy/assets/images/Acceuil2/service-icon-6.png]
[html.ditsolution.net/echofy/service.html]
[html.ditsolution.net/echofy/assets/images/inner-images/services-details.png]
[html.ditsolution.net/echofy/assets/images/inner-images/services-details-icon-1.png]
[html.ditsolution.net/echofy/assets/images/inner-images/services-details-icon-2.png]
[html.ditsolution.net/echofy/assets/images/inner-images/services-details-text-icon.png]
[html.ditsolution.net/echofy/assets/images/inner-images/services-details-benifis-thumb-1.png]
[html.ditsolution.net/echofy/assets/images/inner-images/services-details-benifis-thumb-2.png]
[html.ditsolution.net/echofy/assets/images/inner-images/category-icon.png]
[html.ditsolution.net/echofy/assets/images/inner-images/sidber-cont-icon.png]
[html.ditsolution.net/echofy/service-details.html]
[html.ditsolution.net/echofy/assets/images/Acceuil1/project-5.jpg]
[html.ditsolution.net/echofy/assets/images/Acceuil1/project-6.jpg]
[html.ditsolution.net/echofy/project.html]
[html.ditsolution.net/echofy/assets/images/inner-images/project-details-thumb.jpg]
[html.ditsolution.net/echofy/assets/images/inner-images/project-details-item-images.jpg]
[html.ditsolution.net/echofy/project-details.html]
[html.ditsolution.net/echofy/assets/images/Acceuil2/donation-4.png]
[html.ditsolution.net/echofy/assets/images/Acceuil2/donation-5.png]
[html.ditsolution.net/echofy/assets/images/Acceuil2/donation-6.png]
[html.ditsolution.net/echofy/donation.html]
[html.ditsolution.net/echofy/assets/images/inner-images/donation-details-thumb.png]
[html.ditsolution.net/echofy/assets/images/inner-images/donation-details-1.png]
[html.ditsolution.net/echofy/assets/images/inner-images/donation-details-2.png]
[html.ditsolution.net/echofy/assets/images/inner-images/donation-details-3.png]
[html.ditsolution.net/echofy/donation-details.html]
[html.ditsolution.net/echofy/assets/images/Acceuil1/Equipe-4.png]
[html.ditsolution.net/echofy/assets/images/Acceuil1/Equipe-5.png]
[html.ditsolution.net/echofy/assets/images/Acceuil1/Equipe-6.png]
[html.ditsolution.net/echofy/Equipe.html]
[html.ditsolution.net/echofy/assets/images/inner-images/faqs-thumb.png]
[html.ditsolution.net/echofy/faqs.html]
[html.ditsolution.net/echofy/assets/images/Acceuil1/testi-author-3.png]
[html.ditsolution.net/echofy/assets/images/Acceuil1/testi-author-4.png]
[html.ditsolution.net/echofy/assets/images/Acceuil1/testi-author-5.png]
[html.ditsolution.net/echofy/assets/images/Acceuil1/testi-author-6.png]
[html.ditsolution.net/echofy/testimonial.html]
[html.ditsolution.net/echofy/assets/images/Acceuil1/blog-4.jpg]
[html.ditsolution.net/echofy/assets/images/Acceuil1/blog-5.jpg]
[html.ditsolution.net/echofy/assets/images/Acceuil1/blog-6.jpg]
[html.ditsolution.net/echofy/blog-grid.html]
[html.ditsolution.net/echofy/assets/images/inner-images/blog-list-1.png]
[html.ditsolution.net/echofy/assets/images/inner-images/blog-list-2.png]
[html.ditsolution.net/echofy/assets/images/inner-images/blog-list-3.png]
[html.ditsolution.net/echofy/assets/images/inner-images/blog-list-4.png]
[html.ditsolution.net/echofy/assets/images/inner-images/blog-list-5.png]
[html.ditsolution.net/echofy/assets/images/inner-images/recent-post-1.png]
[html.ditsolution.net/echofy/assets/images/inner-images/recent-post-2.png]
[html.ditsolution.net/echofy/assets/images/inner-images/recent-post-3.png]
[html.ditsolution.net/echofy/blog-list.html]
[html.ditsolution.net/echofy/blog-2column.html]
[html.ditsolution.net/echofy/assets/images/inner-images/blog-details-thumb.jpg]
[html.ditsolution.net/echofy/assets/images/inner-images/blog-details-quote.png]
[html.ditsolution.net/echofy/assets/images/inner-images/blog-post-1.png]
[html.ditsolution.net/echofy/assets/images/inner-images/blog-post-2.png]
[html.ditsolution.net/echofy/assets/images/inner-images/blog-details-author-1.png]
[html.ditsolution.net/echofy/assets/images/inner-images/blog-details-author-2.png]
[html.ditsolution.net/echofy/blog-details.html]
[html.ditsolution.net/echofy/assets/images/inner-images/contact-info-icon-1.png]
[html.ditsolution.net/echofy/assets/images/inner-images/contact-info-icon-2.png]
[html.ditsolution.net/echofy/assets/images/inner-images/contact-info-icon-3.png]
[html.ditsolution.net/echofy/contact.html]
[html.ditsolution.net/echofy/blog-grid-2.html]
[html.ditsolution.net/echofy/assets/js/vendor/jquery-3.6.2.min.js]
[html.ditsolution.net/echofy/assets/js/popper.min.js]
[html.ditsolution.net/echofy/assets/js/bootstrap.min.js]
[html.ditsolution.net/echofy/assets/js/owl.carousel.min.js]
[html.ditsolution.net/echofy/assets/js/jquery.counterup.min.js]
[html.ditsolution.net/echofy/assets/js/waypoints.min.js]
[html.ditsolution.net/echofy/assets/js/wow.js]
[html.ditsolution.net/echofy/assets/js/imagesloaded.pkgd.min.js]
[html.ditsolution.net/echofy/venobox/venobox.js]
[html.ditsolution.net/echofy/assets/js/animated-text.js]
[html.ditsolution.net/echofy/venobox/venobox.min.js]
[html.ditsolution.net/echofy/assets/js/isotope.pkgd.min.js]
[html.ditsolution.net/echofy/assets/js/jquery.meanmenu.js]
[html.ditsolution.net/echofy/assets/js/jquery.scrollUp.js]
[html.ditsolution.net/echofy/assets/js/theme.js]
[html.ditsolution.net/echofy/assets/js/coustom.js]
[html.ditsolution.net/echofy/assets/js/jquery.barfiller.js]
[html.ditsolution.net/echofy/assets/js/vanilla-tilt.min.js]
[html.ditsolution.net/echofy/assets/js/silik-slider.js]
[html.ditsolution.net/echofy/assets/css/owl.video.play.html]
[html.ditsolution.net/echofy/assets/webfonts/fa-brands-400.svg]
[html.ditsolution.net/echofy/assets/webfonts/fa-regular-400.svg]
[html.ditsolution.net/echofy/assets/webfonts/fa-solid-900.svg]
[html.ditsolution.net/echofy/assets/fonts/Flaticond41dd41d.html]
[html.ditsolution.net/echofy/assets/fonts/Flaticon.svg]
[html.ditsolution.net/echofy/index-8.html]
[html.ditsolution.net/echofy/service-details-2.html]
[unpkg.com/splitting@1.1.0/dist/splitting.css]
[unpkg.com/splitting@1.1.0/dist/splitting-cells.css]
